// Jest Snapshot v1, https://goo.gl/fbAQLP

exports[`Home.vue 1`] = `
<div class="flex flex-col h-full">
  <div class="h-16 flex relative items-center">
    <!---->
    <h1 class="text-lg font-medium mx-auto">Inicio</h1>
  </div>
  <div class="px-6 flex flex-col gap-4 flex-1 overflow-y-auto"><a href="#/store/1" class="">
      <div class="card" id="1" score="0.7" location="Fuga temporibus dicta temporibus expedita quia." latitude="-0.0600252813" longitude="-20.1813547873" products="[object Object],[object Object]">
        <div class="relative"><img src="https://cdn.pixabay.com/photo/2015/10/11/11/20/banner-982162__340.jpg" alt="banner" class="h-18 w-full rounded-t-xl"> <img src="https://99designs-blog.imgix.net/blog/wp-content/uploads/2018/10/attachment_57810318-e1539290902964.png?auto=format&amp;q=60&amp;fit=max&amp;w=930" alt="logo" class="rounded-full absolute -bottom-6 right-8 w-16 h-16 bg-white">
          <div class="absolute right-4 top-0">
            <!---->
            <!---->
          </div>
          <div class="bg-pink-500 text-white font-medium w-fit px-2 py-1 text-sm rounded-full absolute left-4 top-2">Hoy 13:34 - 20:34 hrs</div>
          <div class="bg-pink-100 text-pink-700 font-medium w-fit px-5 py-1 text-xs rounded-full absolute left-4 bottom-2">Retiro o delivery</div>
        </div>
        <div class="px-4 py-3">
          <div class="font-bold text-xl">Craig Terry</div>
          <div class="flex gap-2 mb-1">
            <div class="price">Desde 446.4</div>
            <div class="old-price">1488</div>
          </div>
          <div class="flex gap-6">
            <div class="flex items-center gap-1">
              <!---->
              <div>17 min</div>
            </div>
            <div class="flex items-center gap-1 flex-1">
              <!---->
              <div>5.7 km</div>
            </div>
            <div class="flex items-center gap-1">
              <div class="text-xl font-bold">3</div>
              <!---->
            </div>
          </div>
        </div>
      </div>
    </a><a href="#/store/2" class="">
      <div class="card" id="2" score="2" location="Placeat rerum eius repellat in in. Quis laborum quasi voluptatem in." latitude="48.1450550063" longitude="-111.9465288203" products="[object Object],[object Object],[object Object],[object Object],[object Object],[object Object],[object Object],[object Object],[object Object],[object Object],[object Object],[object Object]">
        <div class="relative"><img src="https://cdn.pixabay.com/photo/2016/03/06/17/39/banner-1240822__340.jpg" alt="banner" class="h-18 w-full rounded-t-xl"> <img src="https://www.clipartmax.com/png/middle/334-3341544_black-square-logo-square-point-of-sale-logo.png" alt="logo" class="rounded-full absolute -bottom-6 right-8 w-16 h-16 bg-white">
          <div class="absolute right-4 top-0">
            <!---->
            <!---->
          </div>
          <div class="bg-pink-500 text-white font-medium w-fit px-2 py-1 text-sm rounded-full absolute left-4 top-2">Hoy 15:58 - 23:58 hrs</div>
          <div class="bg-pink-100 text-pink-700 font-medium w-fit px-5 py-1 text-xs rounded-full absolute left-4 bottom-2">Retiro o delivery</div>
        </div>
        <div class="px-4 py-3">
          <div class="font-bold text-xl">Dr. Maxine Predovic DDS</div>
          <div class="flex gap-2 mb-1">
            <div class="price">Desde 149.2</div>
            <div class="old-price">1492</div>
          </div>
          <div class="flex gap-6">
            <div class="flex items-center gap-1">
              <!---->
              <div>13 min</div>
            </div>
            <div class="flex items-center gap-1 flex-1">
              <!---->
              <div>4.9 km</div>
            </div>
            <div class="flex items-center gap-1">
              <div class="text-xl font-bold">0</div>
              <!---->
            </div>
          </div>
        </div>
      </div>
    </a><a href="#/store/3" class="">
      <div class="card" id="3" score="3.5" location="Magni necessitatibus fugit commodi amet." latitude="20.9934629272" longitude="132.1989682653" products="[object Object],[object Object],[object Object],[object Object],[object Object],[object Object],[object Object]">
        <div class="relative"><img src="https://cdn.pixabay.com/photo/2016/05/27/08/51/mobile-phone-1419275__340.jpg" alt="banner" class="h-18 w-full rounded-t-xl"> <img src="https://www.designevo.com/res/templates/thumb_small/shape-square-abstract-friend.png" alt="logo" class="rounded-full absolute -bottom-6 right-8 w-16 h-16 bg-white">
          <div class="absolute right-4 top-0">
            <!---->
            <!---->
          </div>
          <div class="bg-pink-500 text-white font-medium w-fit px-2 py-1 text-sm rounded-full absolute left-4 top-2">Hoy 06:26 - 14:26 hrs</div>
          <div class="bg-pink-100 text-pink-700 font-medium w-fit px-5 py-1 text-xs rounded-full absolute left-4 bottom-2">Retiro o delivery</div>
        </div>
        <div class="px-4 py-3">
          <div class="font-bold text-xl">Alessandra Hand</div>
          <div class="flex gap-2 mb-1">
            <div class="price">Desde 295.4</div>
            <div class="old-price">2954</div>
          </div>
          <div class="flex gap-6">
            <div class="flex items-center gap-1">
              <!---->
              <div>6 min</div>
            </div>
            <div class="flex items-center gap-1 flex-1">
              <!---->
              <div>5.7 km</div>
            </div>
            <div class="flex items-center gap-1">
              <div class="text-xl font-bold">0</div>
              <!---->
            </div>
          </div>
        </div>
      </div>
    </a></div>
  <nav class="flex h-20 justify-around items-center"><a href="#/" aria-current="page" class="router-link-exact-active router-link-active">
      <div class="button-icon text-pink-500">
        <!---->
        <!---->
        <div>Inicio</div>
      </div>
    </a> <a href="#/orders" class="">
      <div class="button-icon">
        <!---->
        <!---->
        <div>Órdenes</div>
      </div>
    </a> <a href="#/profile" class="">
      <div class="button-icon">
        <!---->
        <!---->
        <div>Perfil</div>
      </div>
    </a></nav>
</div>
`;
